npx : [@sentry/nextjs] DEPRECATION WARNING: disableLogger is deprecated and will be removed in a future version. Use 
webpack.treeshake.removeDebugLogging instead.
Au caractère Ligne:1 : 1
+ npx next build 2>&1 > C:\bacx\build_output.txt; Get-Content C:\bacx\b ...
+ ~~~~~~~~~~~~~~~~~~~~~~~~~~~~~~~~~~~~~~~~~~~~~~
    + CategoryInfo          : NotSpecified: ([@sentry/nextjs...ogging instead.:String) [], RemoteException
    + FullyQualifiedErrorId : NativeCommandError
 
[@sentry/nextjs] DEPRECATION WARNING: automaticVercelMonitors is deprecated and will be removed in a future version. 
Use webpack.automaticVercelMonitors instead.
[@sentry/nextjs] DEPRECATION WARNING: reactComponentAnnotation is deprecated and will be removed in a future version. 
Use webpack.reactComponentAnnotation instead.
Γû▓ Next.js 16.1.1 (Turbopack)
- Environments: .env.local
- Experiments (use with caution):
  ┬╖ clientTraceMetadata

ΓÜá The "middleware" file convention is deprecated. Please use "proxy" instead. Learn more: 
https://nextjs.org/docs/messages/middleware-to-proxy
  Creating an optimized production build ...
[@sentry/nextjs] DEPRECATION WARNING: disableLogger is deprecated and will be removed in a future version. Use 
webpack.treeshake.removeDebugLogging instead.
[@sentry/nextjs] DEPRECATION WARNING: automaticVercelMonitors is deprecated and will be removed in a future version. 
Use webpack.automaticVercelMonitors instead.
[@sentry/nextjs] DEPRECATION WARNING: reactComponentAnnotation is deprecated and will be removed in a future version. 
Use webpack.reactComponentAnnotation instead.
Γ£ô Compiled successfully in 6.2min
  Running next.config.js provided runAfterProductionCompile ...
Γ£ô Completed runAfterProductionCompile in 5431ms
  Running TypeScript ...
  Collecting page data using 1 worker ...
  Generating static pages using 1 worker (0/6) ...
  Generating static pages using 1 worker (1/6) 
  Generating static pages using 1 worker (2/6) 
  Generating static pages using 1 worker (4/6) 
Γ£ô Generating static pages using 1 worker (6/6) in 3.1s
  Finalizing page optimization ...

Route (app)
Γöî ╞Æ /
Γö£ ╞Æ /_not-found
Γö£ ╞Æ /about
Γö£ ╞Æ /admin
Γö£ ╞Æ /admin/announcements
Γö£ ╞Æ /admin/content
Γö£ ╞Æ /admin/controls
Γö£ ╞Æ /admin/coupons
Γö£ ╞Æ /admin/dashboard/financial
Γö£ ╞Æ /admin/live
Γö£ ╞Æ /admin/logs
Γö£ ╞Æ /admin/offers
Γö£ ╞Æ /admin/payments
Γö£ ╞Æ /admin/plans
Γö£ ╞Æ /admin/requests
Γö£ ╞Æ /admin/security/devices
Γö£ ╞Æ /admin/students
Γö£ ╞Æ /admin/students/[id]
Γö£ ╞Æ /admin/updates
Γö£ ╞Æ /api/admin/export-students
Γö£ ╞Æ /api/auth/logout
Γö£ ╞Æ /api/livekit/token
Γö£ ╞Æ /api/video/decrypt
Γö£ ╞Æ /auth/callback
Γö£ ╞Æ /auth/signup
Γö£ ╞Æ /blog
Γö£ ╞Æ /checkout/[planId]
Γö£ ╞Æ /checkout/buy/[type]/[id]
Γö£ ╞Æ /community
Γö£ ╞Æ /complete-profile
Γö£ ╞Æ /dashboard
Γö£ ╞Æ /forgot-password
Γö£ ╞Æ /live
Γö£ ╞Æ /login
Γö£ ╞Æ /maintenance
Γö£ ╞Æ /materials
Γö£ ╞Æ /materials/[subjectId]
Γö£ ╞Æ /pricing
Γö£ ╞Æ /product
Γö£ ╞Æ /profile
Γö£ ╞Æ /settings
Γö£ ╞Æ /settings/edit-profile
Γö£ ╞Æ /subscription
Γö£ ╞Æ /tracks
Γöö ╞Æ /update-password


╞Æ Proxy (Middleware)

╞Æ  (Dynamic)  server-rendered on demand

