src/actions/secure-storage.ts(69,5): error TS2578: Unused '@ts-expect-error' directive.
src/actions/secure-storage.ts(71,5): error TS2578: Unused '@ts-expect-error' directive.
src/app/(dashboard)/checkout/[planId]/page.tsx(43,21): error TS2322: Type 'number | undefined' is not assignable to type 'number'.
  Type 'undefined' is not assignable to type 'number'.
src/app/(dashboard)/checkout/buy/[type]/[id]/page.tsx(41,21): error TS2322: Type 'number | undefined' is not assignable to type 'number'.
  Type 'undefined' is not assignable to type 'number'.
src/app/(dashboard)/checkout/buy/[type]/[id]/page.tsx(72,32): error TS2345: Argument of type '{ price: any; id: any; title: string | undefined; is_purchasable: any; }' is not assignable to parameter of type 'SetStateAction<{ id: string; title: string; price: number; } | null>'.
  Type '{ price: any; id: any; title: string | undefined; is_purchasable: any; }' is not assignable to type '{ id: string; title: string; price: number; }'.
    Types of property 'title' are incompatible.
      Type 'string | undefined' is not assignable to type 'string'.
        Type 'undefined' is not assignable to type 'string'.
src/app/api/livekit/token/route.ts(82,13): error TS2578: Unused '@ts-expect-error' directive.
src/app/api/livekit/token/route.ts(84,13): error TS2578: Unused '@ts-expect-error' directive.
src/app/api/video/decrypt/route.ts(126,9): error TS2578: Unused '@ts-expect-error' directive.
src/hooks/useLiveInteraction.ts(95,41): error TS2345: Argument of type '(payload: Uint8Array, participant: RemoteParticipant | undefined, kind: DataPacket_Kind, topic?: string) => void' is not assignable to parameter of type '(payload: Uint8Array<ArrayBufferLike>, participant?: RemoteParticipant | undefined, kind?: DataPacket_Kind | undefined, topic?: string | undefined, encryptionType?: Encryption_Type | undefined) => void'.
  Types of parameters 'kind' and 'kind' are incompatible.
    Type 'DataPacket_Kind | undefined' is not assignable to type 'DataPacket_Kind'.
      Type 'undefined' is not assignable to type 'DataPacket_Kind'.
src/hooks/useLiveInteraction.ts(104,46): error TS2345: Argument of type '(payload: Uint8Array, participant: RemoteParticipant | undefined, kind: DataPacket_Kind, topic?: string) => void' is not assignable to parameter of type '(payload: Uint8Array<ArrayBufferLike>, participant?: RemoteParticipant | undefined, kind?: DataPacket_Kind | undefined, topic?: string | undefined, encryptionType?: Encryption_Type | undefined) => void'.
  Types of parameters 'kind' and 'kind' are incompatible.
    Type 'DataPacket_Kind | undefined' is not assignable to type 'DataPacket_Kind'.
      Type 'undefined' is not assignable to type 'DataPacket_Kind'.
